// Jest Snapshot v1, https://goo.gl/fbAQLP

exports[`CategoryCard renders correctly 1`] = `
.c0 {
  -webkit-text-decoration: none;
  text-decoration: none;
  display: -webkit-inline-box;
  display: -webkit-inline-flex;
  display: -ms-inline-flexbox;
  display: inline-flex;
  -webkit-align-items: center;
  -webkit-box-align: center;
  -ms-flex-align: center;
  align-items: center;
  gap: 7px;
  color: var(--text-light);
  -webkit-text-decoration: none;
  text-decoration: none;
}

.c0:hover {
  -webkit-filter: brightness(0.7);
  filter: brightness(0.7);
}

.c1 {
  display: grid;
}

.c2 {
  display: -webkit-box;
  display: -webkit-flex;
  display: -ms-flexbox;
  display: flex;
  -webkit-box-pack: center;
  -webkit-justify-content: center;
  -ms-flex-pack: center;
  justify-content: center;
  border-top-left-radius: 4px;
  border-top-right-radius: 4px;
  border: 1px solid var(--accent-dark);
  padding: calc(var(--baseline) / 2);
  background-color: #fff;
}

.c3 {
  width: 224px;
  height: 224px;
  overflow: hidden;
  border-radius: 4px;
  border: 1px solid var(--accent-text-light);
}

.c4 {
  line-height: calc(var(--baseline) * 2);
  text-align: center;
  border-bottom-left-radius: 4px;
  border-bottom-right-radius: 4px;
  color: var(--text-light);
  background-color: var(--accent-dark);
}

<a
  aria-label="vedeÈ›i categoria"
  class="c0"
  href="/categories/my-category"
  rel=""
  target=""
>
  <div
    class="c1"
  >
    <div
      class="c2"
    >
      <div
        class="c3"
      >
        <img
          alt="my-category"
          height="700"
          src="/uploads/category.png"
          width="700"
        />
      </div>
    </div>
    <p
      class="c4"
    >
      my-category
    </p>
  </div>
</a>
`;
