// Jest Snapshot v1, https://goo.gl/fbAQLP

exports[`CategoryMenu renders correctly 1`] = `
.c2 {
  display: -webkit-inline-box;
  display: -webkit-inline-flex;
  display: -ms-inline-flexbox;
  display: inline-flex;
  -webkit-align-items: center;
  -webkit-box-align: center;
  -ms-flex-align: center;
  align-items: center;
  -webkit-box-pack: center;
  -webkit-justify-content: center;
  -ms-flex-pack: center;
  justify-content: center;
  gap: 7px;
  padding: calc(var(--baseline) / 4) calc(var(--baseline) / 2);
  border-radius: 4px;
  border: 0;
  color: var(--text-light);
  background-color: var(--accent-dark);
  box-shadow: 1px 1px 2px #00000066;
  text-transform: lowercase;
  -webkit-text-decoration: none;
  text-decoration: none;
  cursor: pointer;
  padding: 4px;
  box-shadow: none;
  padding: 0;
}

.c2:hover {
  background-color: var(--accent);
}

.c4 {
  -webkit-text-decoration: none;
  text-decoration: none;
  display: -webkit-inline-box;
  display: -webkit-inline-flex;
  display: -ms-inline-flexbox;
  display: inline-flex;
  -webkit-align-items: center;
  -webkit-box-align: center;
  -ms-flex-align: center;
  align-items: center;
  gap: 7px;
  color: var(--accent-text-dark);
  -webkit-text-decoration: none;
  text-decoration: none;
}

.c4:hover {
  -webkit-filter: brightness(0.7);
  filter: brightness(0.7);
}

.c1 {
  display: -webkit-box;
  display: -webkit-flex;
  display: -ms-flexbox;
  display: flex;
  -webkit-align-items: center;
  -webkit-box-align: center;
  -ms-flex-align: center;
  align-items: center;
  -webkit-box-pack: justify;
  -webkit-justify-content: space-between;
  -ms-flex-pack: justify;
  justify-content: space-between;
  padding: calc(var(--baseline) / 4) 0;
  border-bottom: 1px solid var(--layout);
}

.c1 p {
  font-weight: 500;
}

.c1 button {
  -webkit-transform: rotate(-90deg);
  -ms-transform: rotate(-90deg);
  transform: rotate(-90deg);
}

.c3 {
  display: grid;
  -webkit-column-gap: var(--baseline);
  column-gap: var(--baseline);
  grid-template-columns: repeat(auto-fit,minmax(224px,1fr));
}

.c3 li {
  padding: calc(var(--baseline) / 4) 0;
  border-bottom: 1px solid var(--layout);
}

.c0 h5 {
  margin-bottom: calc(var(--baseline) / 4);
}

<div
  class="c0"
>
  <h5>
    Categorii
  </h5>
  <div>
    <div
      class="c1"
    >
      <p>
        Ceai
      </p>
      <button
        class="c2"
      >
        <svg />
      </button>
    </div>
    <ul
      class="c3"
    >
      <li>
        <a
          aria-label="Categoria green"
          class="c4"
          href="/categories/green"
          rel=""
          target=""
        >
          green
        </a>
      </li>
      <li>
        <a
          aria-label="Categoria fruit"
          class="c4"
          href="/categories/fruit"
          rel=""
          target=""
        >
          fruit
        </a>
      </li>
    </ul>
  </div>
</div>
`;
