// Jest Snapshot v1, https://goo.gl/fbAQLP

exports[`Counter renders correctly 1`] = `
.c1 {
  display: -webkit-inline-box;
  display: -webkit-inline-flex;
  display: -ms-inline-flexbox;
  display: inline-flex;
  -webkit-align-items: center;
  -webkit-box-align: center;
  -ms-flex-align: center;
  align-items: center;
  -webkit-box-pack: center;
  -webkit-justify-content: center;
  -ms-flex-pack: center;
  justify-content: center;
  gap: 7px;
  padding: calc(var(--baseline) / 4) calc(var(--baseline) / 2);
  border-radius: 4px;
  border: 0;
  color: var(--text-light);
  background-color: var(--accent-dark);
  box-shadow: 1px 1px 2px #00000066;
  text-transform: lowercase;
  -webkit-text-decoration: none;
  text-decoration: none;
  cursor: pointer;
  padding: 4px;
  box-shadow: none;
  padding: 0;
}

.c1:hover {
  background-color: var(--accent);
}

.c0 {
  display: -webkit-box;
  display: -webkit-flex;
  display: -ms-flexbox;
  display: flex;
  -webkit-align-items: center;
  -webkit-box-align: center;
  -ms-flex-align: center;
  align-items: center;
  gap: 7px;
}

.c2 {
  border: 0;
  width: calc(var(--baseline) * 2);
  background-color: transparent;
  color: var(--accent-text-dark);
  border-bottom: 1px solid var(--accent);
  text-align: center;
}

.c2::-webkit-outer-spin-button,
.c2::-webkit-inner-spin-button {
  -webkit-appearance: none;
  margin: 0;
}

.c2[type='number'] {
  -moz-appearance: textfield;
}

<div
  class="c0"
>
  <button
    class="c1"
  >
    <svg />
  </button>
  <input
    class="c2"
    type="number"
    value="0"
  />
  <button
    class="c1"
  >
    <svg />
  </button>
</div>
`;
