// Jest Snapshot v1, https://goo.gl/fbAQLP

exports[`DropDownList should render correctly 1`] = `
.c1 {
  display: -webkit-inline-box;
  display: -webkit-inline-flex;
  display: -ms-inline-flexbox;
  display: inline-flex;
  -webkit-align-items: center;
  -webkit-box-align: center;
  -ms-flex-align: center;
  align-items: center;
  -webkit-box-pack: center;
  -webkit-justify-content: center;
  -ms-flex-pack: center;
  justify-content: center;
  gap: 7px;
  padding: calc(var(--baseline) / 4) calc(var(--baseline) / 2);
  border-radius: 4px;
  border: 0;
  color: var(--text-light);
  background-color: var(--accent-dark);
  box-shadow: 1px 1px 2px #00000066;
  text-transform: lowercase;
  -webkit-text-decoration: none;
  text-decoration: none;
  cursor: pointer;
  padding: 4px;
  box-shadow: none;
  padding: 0;
}

.c1:hover {
  background-color: var(--accent);
}

.c0 {
  display: -webkit-box;
  display: -webkit-flex;
  display: -ms-flexbox;
  display: flex;
  -webkit-align-items: center;
  -webkit-box-align: center;
  -ms-flex-align: center;
  align-items: center;
  -webkit-box-pack: justify;
  -webkit-justify-content: space-between;
  -ms-flex-pack: justify;
  justify-content: space-between;
  padding: calc(var(--baseline) / 4) 0;
  border-bottom: 1px solid var(--layout);
}

.c0 p {
  font-weight: 500;
}

.c0 button {
  -webkit-transform: rotate(-90deg);
  -ms-transform: rotate(-90deg);
  transform: rotate(-90deg);
}

.c2 {
  display: grid;
  -webkit-column-gap: var(--baseline);
  column-gap: var(--baseline);
  grid-template-columns: repeat(auto-fit,minmax(224px,1fr));
}

.c2 li {
  padding: calc(var(--baseline) / 4) 0;
  border-bottom: 1px solid var(--layout);
}

<div>
  <div
    class="c0"
  >
    <p>
      my list
    </p>
    <button
      class="c1"
    >
      <svg />
    </button>
  </div>
  <ul
    class="c2"
  >
    <li>
      item1
    </li>
    <li>
      item2
    </li>
  </ul>
</div>
`;
