// Jest Snapshot v1, https://goo.gl/fbAQLP

exports[`DropDown renders correctly 1`] = `
.c3 {
  display: -webkit-inline-box;
  display: -webkit-inline-flex;
  display: -ms-inline-flexbox;
  display: inline-flex;
  -webkit-align-items: center;
  -webkit-box-align: center;
  -ms-flex-align: center;
  align-items: center;
  -webkit-box-pack: center;
  -webkit-justify-content: center;
  -ms-flex-pack: center;
  justify-content: center;
  gap: 7px;
  padding: calc(var(--baseline) / 4) calc(var(--baseline) / 2);
  border-radius: 4px;
  border: 0;
  color: var(--text-light);
  background-color: var(--accent-dark);
  box-shadow: 1px 1px 2px #00000066;
  text-transform: lowercase;
  -webkit-text-decoration: none;
  text-decoration: none;
  cursor: pointer;
  padding: 4px;
  box-shadow: none;
  padding: 0;
}

.c3:hover {
  background-color: var(--accent);
}

.c0 {
  display: grid;
  gap: var(--baseline);
  padding-bottom: calc(var(--baseline) / 2);
  border-bottom: 1px solid var(--layout);
}

.c1 {
  display: -webkit-box;
  display: -webkit-flex;
  display: -ms-flexbox;
  display: flex;
  -webkit-box-pack: justify;
  -webkit-justify-content: space-between;
  -ms-flex-pack: justify;
  justify-content: space-between;
  -webkit-flex-wrap: wrap;
  -ms-flex-wrap: wrap;
  flex-wrap: wrap;
  -webkit-align-items: center;
  -webkit-box-align: center;
  -ms-flex-align: center;
  align-items: center;
  gap: calc(var(--baseline) / 2);
}

.c2 {
  -webkit-flex: 1;
  -ms-flex: 1;
  flex: 1;
  display: -webkit-box;
  display: -webkit-flex;
  display: -ms-flexbox;
  display: flex;
  -webkit-box-pack: end;
  -webkit-justify-content: flex-end;
  -ms-flex-pack: end;
  justify-content: flex-end;
  -webkit-align-items: center;
  -webkit-box-align: center;
  -ms-flex-align: center;
  align-items: center;
  gap: calc(var(--baseline) / 2);
}

.c2 button:last-child {
  -webkit-transform: rotate(-90deg);
  -ms-transform: rotate(-90deg);
  transform: rotate(-90deg);
}

.c2 button:last-child {
  -webkit-transform: rotate(90deg);
  -ms-transform: rotate(90deg);
  transform: rotate(90deg);
}

.c4 {
  display: none;
}

<div
  class="c0"
>
  <div
    class="c1"
  >
    <h5>
      DropDown title
    </h5>
    <div
      class="c2"
    >
      <button
        class="c3"
      >
        <svg />
      </button>
    </div>
  </div>
  <div
    class="c4"
  >
    content
  </div>
</div>
`;
