// Jest Snapshot v1, https://goo.gl/fbAQLP

exports[`InputFile renders correctly 1`] = `
.c1 {
  font-weight: 500;
}

.c0 {
  display: -webkit-box;
  display: -webkit-flex;
  display: -ms-flexbox;
  display: flex;
  -webkit-flex-direction: column;
  -ms-flex-direction: column;
  flex-direction: column;
  gap: 7px;
}

.c2 {
  -webkit-align-self: flex-start;
  -ms-flex-item-align: start;
  align-self: flex-start;
  padding: calc(var(--baseline) / 4) calc(var(--baseline) / 2);
  border-radius: 4px;
  border: 0;
  color: var(--text-light);
  background-color: var(--accent-dark);
  box-shadow: 1px 1px 2px #00000066;
  text-transform: lowercase;
  -webkit-text-decoration: none;
  text-decoration: none;
  cursor: pointer;
}

.c2:hover {
  background-color: var(--accent);
}

.c3 {
  display: none;
}

<div
  class="c0"
>
  <label
    class="c1"
    for="file"
  >
    file label
  </label>
  <label
    class="c2"
  >
    <input
      class="c3"
      id="file"
      name="file"
      type="file"
    />
    content
  </label>
</div>
`;
