// Jest Snapshot v1, https://goo.gl/fbAQLP

exports[`Leaves renders correctly 1`] = `
.c0 {
  width: 100%;
  height: 100%;
  display: -webkit-box;
  display: -webkit-flex;
  display: -ms-flexbox;
  display: flex;
  -webkit-align-items: center;
  -webkit-box-align: center;
  -ms-flex-align: center;
  align-items: center;
  -webkit-box-pack: center;
  -webkit-justify-content: center;
  -ms-flex-pack: center;
  justify-content: center;
}

<figure
  class="c0"
>
  <svg
    height="112"
    width="112"
  />
</figure>
`;
