// Jest Snapshot v1, https://goo.gl/fbAQLP

exports[`ManagementMenu renders correctly 1`] = `
.c2 {
  display: -webkit-inline-box;
  display: -webkit-inline-flex;
  display: -ms-inline-flexbox;
  display: inline-flex;
  -webkit-align-items: center;
  -webkit-box-align: center;
  -ms-flex-align: center;
  align-items: center;
  -webkit-box-pack: center;
  -webkit-justify-content: center;
  -ms-flex-pack: center;
  justify-content: center;
  gap: 7px;
  padding: calc(var(--baseline) / 4) calc(var(--baseline) / 2);
  border-radius: 4px;
  border: 0;
  color: var(--text-light);
  background-color: var(--accent-dark);
  box-shadow: 1px 1px 2px #00000066;
  text-transform: lowercase;
  -webkit-text-decoration: none;
  text-decoration: none;
  cursor: pointer;
  padding: 4px;
  box-shadow: none;
  padding: 0;
}

.c2:hover {
  background-color: var(--accent);
}

.c4 {
  -webkit-text-decoration: none;
  text-decoration: none;
  display: -webkit-inline-box;
  display: -webkit-inline-flex;
  display: -ms-inline-flexbox;
  display: inline-flex;
  -webkit-align-items: center;
  -webkit-box-align: center;
  -ms-flex-align: center;
  align-items: center;
  gap: 7px;
  color: var(--accent-text-dark);
  -webkit-text-decoration: none;
  text-decoration: none;
}

.c4:hover {
  -webkit-filter: brightness(0.7);
  filter: brightness(0.7);
}

.c1 {
  display: -webkit-box;
  display: -webkit-flex;
  display: -ms-flexbox;
  display: flex;
  -webkit-align-items: center;
  -webkit-box-align: center;
  -ms-flex-align: center;
  align-items: center;
  -webkit-box-pack: justify;
  -webkit-justify-content: space-between;
  -ms-flex-pack: justify;
  justify-content: space-between;
  padding: calc(var(--baseline) / 4) 0;
  border-bottom: 1px solid var(--layout);
}

.c1 p {
  font-weight: 500;
}

.c1 button {
  -webkit-transform: rotate(-90deg);
  -ms-transform: rotate(-90deg);
  transform: rotate(-90deg);
}

.c3 {
  display: grid;
  -webkit-column-gap: var(--baseline);
  column-gap: var(--baseline);
  grid-template-columns: repeat(auto-fit,minmax(224px,1fr));
}

.c3 li {
  padding: calc(var(--baseline) / 4) 0;
  border-bottom: 1px solid var(--layout);
}

.c0 h4 {
  margin-bottom: var(--baseline);
}

.c0 h5 {
  margin-top: var(--baseline);
  margin-bottom: calc(var(--baseline) / 4);
}

<div
  class="c0"
>
  <h4>
    Gestionare
  </h4>
  <h5>
    Users management
  </h5>
  <div>
    <div
      class="c1"
    >
      <p>
        Utilizatori
      </p>
      <button
        class="c2"
      >
        <svg />
      </button>
    </div>
    <ul
      class="c3"
    >
      <li>
        <a
          aria-label=""
          class="c4"
          href="/management/users/update"
          rel=""
          target=""
        >
          Modificare Utilizator
        </a>
      </li>
    </ul>
  </div>
  <h5>
    Shop management
  </h5>
  <div>
    <div
      class="c1"
    >
      <p>
        Comenzi
      </p>
      <button
        class="c2"
      >
        <svg />
      </button>
    </div>
    <ul
      class="c3"
    >
      <li>
        <a
          aria-label=""
          class="c4"
          href="/management/orders"
          rel=""
          target=""
        >
          Toate comenzile
        </a>
      </li>
      <li>
        <a
          aria-label=""
          class="c4"
          href="/management/orders/update"
          rel=""
          target=""
        >
          Modificare comandă
        </a>
      </li>
    </ul>
  </div>
  <div>
    <div
      class="c1"
    >
      <p>
        Produse
      </p>
      <button
        class="c2"
      >
        <svg />
      </button>
    </div>
    <ul
      class="c3"
    >
      <li>
        <a
          aria-label=""
          class="c4"
          href="/management/products"
          rel=""
          target=""
        >
          Toate produsele
        </a>
      </li>
      <li>
        <a
          aria-label=""
          class="c4"
          href="/management/products/update"
          rel=""
          target=""
        >
          Modificare produs
        </a>
      </li>
      <li>
        <a
          aria-label=""
          class="c4"
          href="/management/products/create"
          rel=""
          target=""
        >
          Adăugare produs
        </a>
      </li>
    </ul>
  </div>
  <div>
    <div
      class="c1"
    >
      <p>
        Categorii
      </p>
      <button
        class="c2"
      >
        <svg />
      </button>
    </div>
    <ul
      class="c3"
    >
      <li>
        <a
          aria-label=""
          class="c4"
          href="/management/categories"
          rel=""
          target=""
        >
          Toate categoriile
        </a>
      </li>
      <li>
        <a
          aria-label=""
          class="c4"
          href="/management/categories/update"
          rel=""
          target=""
        >
          Modificare categorie
        </a>
      </li>
      <li>
        <a
          aria-label=""
          class="c4"
          href="/management/categories/create"
          rel=""
          target=""
        >
          Adăugare categorie
        </a>
      </li>
    </ul>
  </div>
</div>
`;
