// Jest Snapshot v1, https://goo.gl/fbAQLP

exports[`Select renders correctly 1`] = `
.c1 {
  font-weight: 500;
}

.c0 {
  display: -webkit-box;
  display: -webkit-flex;
  display: -ms-flexbox;
  display: flex;
  -webkit-flex-direction: column;
  -ms-flex-direction: column;
  flex-direction: column;
  gap: 7px;
}

.c2 {
  position: relative;
  -webkit-align-self: flex-start;
  -ms-flex-item-align: start;
  align-self: flex-start;
}

.c3 {
  width: 100%;
  padding: 7px 38px 7px 14px;
  border-radius: 4px;
  border: 0;
  color: var(--text-light);
  background-color: var(--accent-dark);
  box-shadow: 1px 1px 2px #00000066;
  text-transform: lowercase;
  -webkit-text-decoration: none;
  text-decoration: none;
  -webkit-appearance: none;
  -moz-appearance: none;
  appearance: none;
  cursor: pointer;
}

.c3:hover {
  background-color: var(--accent);
}

.c3 option {
  padding: 7px 14px;
}

.c4 {
  position: absolute;
  -webkit-transform: rotate(90deg);
  -ms-transform: rotate(90deg);
  transform: rotate(90deg);
  color: var(--text-light);
  right: 7px;
  top: calc(50% - 12px);
  pointer-events: none;
}

<div
  class="c0"
>
  <label
    class="c1"
    for="select"
  >
    select label
  </label>
  <div
    class="c2"
  >
    <select
      class="c3"
      id="select"
      name="select"
    >
      <option
        value="op1"
      >
        op1
      </option>
      <option
        value="op2"
      >
        op2
      </option>
    </select>
    <svg
      class="c4"
    />
  </div>
</div>
`;
