// Jest Snapshot v1, https://goo.gl/fbAQLP

exports[`Textarea renders correctly 1`] = `
.c1 {
  font-weight: 500;
}

.c0 {
  width: 100%;
  display: -webkit-box;
  display: -webkit-flex;
  display: -ms-flexbox;
  display: flex;
  -webkit-flex-direction: column;
  -ms-flex-direction: column;
  flex-direction: column;
  gap: 7px;
}

.c2 {
  width: 100%;
  background-color: var(--input);
  border: 1px solid var(--layout-dark);
  border-radius: 4px;
  padding: calc(var(--baseline) / 4) 0 calc(var(--baseline) / 4) calc(var(--baseline) / 2);
  color: var(--text-dark);
  resize: none;
}

<div
  class="c0"
>
  <label
    class="c1"
    for="textarea"
  >
    textarea label
  </label>
  <textarea
    class="c2"
    id="textarea"
    name="textarea"
    rows="2"
  />
</div>
`;
