// Jest Snapshot v1, https://goo.gl/fbAQLP

exports[`UserForm renders correctly 1`] = `
.c7 {
  display: -webkit-inline-box;
  display: -webkit-inline-flex;
  display: -ms-inline-flexbox;
  display: inline-flex;
  -webkit-align-items: center;
  -webkit-box-align: center;
  -ms-flex-align: center;
  align-items: center;
  -webkit-box-pack: center;
  -webkit-justify-content: center;
  -ms-flex-pack: center;
  justify-content: center;
  gap: 7px;
  padding: calc(var(--baseline) / 4) calc(var(--baseline) / 2);
  border-radius: 4px;
  border: 0;
  color: var(--text-light);
  background-color: var(--accent-dark);
  box-shadow: 1px 1px 2px #00000066;
  text-transform: lowercase;
  -webkit-text-decoration: none;
  text-decoration: none;
  cursor: pointer;
}

.c7:hover {
  background-color: var(--accent);
}

.c0 {
  display: -webkit-box;
  display: -webkit-flex;
  display: -ms-flexbox;
  display: flex;
  -webkit-flex-direction: column;
  -ms-flex-direction: column;
  flex-direction: column;
  gap: calc(var(--baseline) / 2);
}

.c6 {
  margin-top: calc(var(--baseline) / 2);
  display: -webkit-box;
  display: -webkit-flex;
  display: -ms-flexbox;
  display: flex;
  -webkit-box-pack: end;
  -webkit-justify-content: flex-end;
  -ms-flex-pack: end;
  justify-content: flex-end;
  -webkit-align-items: stretch;
  -webkit-box-align: stretch;
  -ms-flex-align: stretch;
  align-items: stretch;
}

.c2 {
  font-weight: 500;
}

.c4 {
  font-weight: 500;
  color: var(--accent-text-dark);
  font-weight: 400;
}

.c3 {
  display: -webkit-box;
  display: -webkit-flex;
  display: -ms-flexbox;
  display: flex;
  -webkit-align-items: center;
  -webkit-box-align: center;
  -ms-flex-align: center;
  align-items: center;
  gap: 7px;
}

.c5 {
  margin: 0;
  width: 16px;
  height: 16px;
  -webkit-order: -1;
  -ms-flex-order: -1;
  order: -1;
  cursor: pointer;
}

.c1 {
  display: -webkit-box;
  display: -webkit-flex;
  display: -ms-flexbox;
  display: flex;
  -webkit-flex-direction: column;
  -ms-flex-direction: column;
  flex-direction: column;
  gap: 7px;
  padding: 7px 0;
  border-bottom: 1px solid var(--layout);
}

<form
  class="c0"
>
  <div>
    <div
      class="c1"
    >
      <label
        class="c2"
      >
        name
      </label>
      user
    </div>
    <div
      class="c1"
    >
      <label
        class="c2"
      >
        email
      </label>
      user@user.com
    </div>
    <div
      class="c1"
    >
      <label
        class="c2"
      >
        permisiuni
      </label>
      <div
        class="c3"
      >
        <label
          class="c4"
          for="isManager"
        >
          manager
        </label>
        <input
          class="c5"
          id="isManager"
          name="isManager"
          type="checkbox"
        />
      </div>
    </div>
  </div>
  <div
    class="c6"
  >
    <button
      class="c7"
    >
      salveazÄƒ
    </button>
  </div>
</form>
`;
